[-1.0, -1.0, 4.880512714385986, 1.0675297975540161, 0.7586681842803955, 0.3336418569087982, 0.221401184797287, 0.18988844752311707, 0.1369446963071823, 0.10541588068008423, 0.09791114926338196, 0.09686648100614548, 0.07764946669340134, 0.07210370153188705, 0.06361773610115051, 0.06346365809440613, 0.05167398974299431, 0.048531290143728256, 0.04800082743167877, 0.03950939700007439, 0.039193421602249146, 0.033084437251091, 0.025395896285772324, 0.02503657154738903, 0.02503601461648941, 0.024785488843917847, 0.018410848453640938, 0.01841064915060997, 0.018216703087091446, 0.018215419724583626, 0.005995662417262793, 0.005995662417262793, 0.005928246770054102, 0.005928246770054102, 0.0007844181964173913, 9.320845606453076e-07, 9.132297122960154e-07, 0.0]