[-1, -1, -1, -1, -1, -1, -1, -1, -1, -1, -1, -1, -1, -1, -1, -1, -1, -1, -1, -1, -1, -1, 1, 11, -1, -1, -1, -1, -1, -1, -1, -1, -1, 1, 6, 11, -1, -1, -1, -1, -1, -1, -1, -1, 1, 5, 7, 11, -1, -1, -1, -1, -1, -1, -1, 1, 5, 6, 7, 11, -1, -1, -1, -1, -1, -1, 1, 4, 5, 6, 7, 11, -1, -1, -1, -1, -1, 1, 4, 5, 6, 7, 8, 11, -1, -1, -1, -1, 1, 2, 4, 5, 6, 7, 8, 11, -1, -1, -1, 1, 2, 4, 5, 6, 7, 8, 10, 11, -1, -1, 1, 2, 4, 5, 6, 7, 8, 9, 10, 11, -1, 1, 2, 3, 4, 5, 6, 7, 8, 9, 10, 11]