[-1.0, -1.0, 1.4724386930465698, 0.3530508875846863, 0.15463966131210327, 0.09397324174642563, 0.06077857315540314, 0.04541340470314026, 0.03314867615699768, 0.027615029364824295, 0.022078586742281914, 0.017481327056884766, 0.0159686878323555, 0.015968671068549156, 0.014123242348432541, 0.014123213477432728, 0.012272531166672707, 0.012271900661289692, 0.010437032207846642, 0.010436585173010826, 0.008628510870039463, 0.0]