[-1.0, -1.0, 8.0, 0.9811103343963623, 0.5759999752044678, 0.31253886222839355, 0.3125385642051697, 0.10175798088312149, 0.10175728052854538, 0.050276126712560654, 0.05027607083320618, 0.0]